<html>
<body>
<pre>
<h1>礦ision Build Log</h1>
<h2>Tool Versions:</h2>
IDE-Version: μVision V5.29.0.0
Copyright (C) 2019 ARM Ltd and ARM Germany GmbH. All rights reserved.
License Information: w hl, csu, LIC=CRMKP-MG4JE-LT63E-5EBL6-Q36TT-GQM3X
 
Tool Versions:
Toolchain:       MDK-ARM Professional  Version: 5.29.0.0
Toolchain Path:  E:\#DEVELOPMENT\keil5\ARM\ARMCC\Bin
C Compiler:      Armcc.exe V5.06 update 6 (build 750)
Assembler:       Armasm.exe V5.06 update 6 (build 750)
Linker/Locator:  ArmLink.exe V5.06 update 6 (build 750)
Library Manager: ArmAr.exe V5.06 update 6 (build 750)
Hex Converter:   FromElf.exe V5.06 update 6 (build 750)
CPU DLL:         
Dialog DLL:      
Target DLL:      Segger\JL2CM3.dll V2.99.36.0
Dialog DLL:      TCM.DLL V1.36.5.0
 
<h2>Project:</h2>
E:\#DEVELOPMENT\键盘\新建文件夹\examples\peripheral\twi_sensor\pca10040\blank\arm4\twi_sensor_pca10040.uvproj
Project File Date:  12/08/2019

<h2>Output:</h2>
*** Using Compiler 'V5.06 update 6 (build 750)', folder: 'E:\#DEVELOPMENT\keil5\ARM\ARMCC\Bin'
Build target 'nrf52832_xxaa'
compiling nrfx_atomic.c...
compiling nrf_drv_twi.c...
compiling boards.c...
compiling nrf_drv_uart.c...
compiling main.c...
compiling nrfx_twi.c...
compiling nrfx_prs.c...
compiling nrfx_uart.c...
compiling nrfx_uarte.c...
compiling nrfx_twim.c...
compiling nrf_fprintf.c...
compiling app_error_handler_keil.c...
compiling app_error_weak.c...
compiling nrf_atomic.c...
compiling nrf_balloc.c...
compiling nrf_strerror.c...
compiling nrf_log_backend_rtt.c...
compiling nrf_fprintf_format.c...
compiling nrf_ringbuf.c...
compiling nrf_memobj.c...
compiling nrf_log_default_backends.c...
compiling nrf_log_backend_serial.c...
compiling nrf_log_str_formatter.c...
compiling nrf_log_frontend.c...
compiling nrf_log_backend_uart.c...
compiling SEGGER_RTT_Syscalls_KEIL.c...
compiling SEGGER_RTT_printf.c...
compiling SEGGER_RTT.c...
linking...
Program Size: Code=10592 RO-data=1072 RW-data=160 ZI-data=9792  
FromELF: creating hex file...
".\_build\nrf52832_xxaa.axf" - 0 Error(s), 0 Warning(s).
Build Time Elapsed:  00:00:06
</pre>
</body>
</html>
