<html>
<body>
<pre>
<h1>µVision Build Log</h1>
<h2>Project:</h2>
H:\¼üÅÌ\stm32\USER\GK16.uvproj
Project File Date:  04/02/2015

<h2>Output:</h2>
Build target 'Target 1'
linking...
Program Size: Code=3528 RO-data=268 RW-data=12 ZI-data=1836  
FromELF: creating hex file...
"..\OBJ\GK16.axf" - 0 Error(s), 0 Warning(s).
</pre>
</body>
</html>
art.c...
linking...
Program Size: Code=3528 RO-data=268 RW-data=12 ZI-data=1836  
FromELF: creating hex file...
"..\OBJ\GK16.axf" - 0 Error(s), 1 Warning(s).
h"  
..\SYSTEM\delay\delay.c: 0 warnings, 1 error
compiling sys.c...
compiling usart.c...
..\SYSTEM\usart\usart.h(3): error:  #5: cannot open source input file "sys.h": No such file or directory
  #include "sys.h"
..\SYSTEM\usart\usart.c: 0 warnings, 1 error
"..\OBJ\GK16.axf" - 3 Error(s), 0 Warning(s).
Target not created
