Analysis & Synthesis report for top_cpld
Fri Nov 27 17:32:34 2020
Quartus Prime Version 20.1.0 Build 711 06/05/2020 SJ Lite Edition


---------------------
; Table of Contents ;
---------------------
  1. Legal Notice
  2. Analysis & Synthesis Summary
  3. Analysis & Synthesis Settings
  4. Parallel Compilation
  5. Analysis & Synthesis Source Files Read
  6. Analysis & Synthesis Resource Usage Summary
  7. Analysis & Synthesis Resource Utilization by Entity
  8. State Machine - |top_cpld|keyboard_ps2:comb_203|ps2_bus:ps2_bus|curr_state
  9. State Machine - |top_cpld|keyboard_ps2:comb_203|ps2_bus:ps2_bus|ps2_rx:receiver|curr_state
 10. State Machine - |top_cpld|keyboard_ps2:comb_203|ps2_bus:ps2_bus|ps2_tx:transmitter|curr_state
 11. Registers Removed During Synthesis
 12. Removed Registers Triggering Further Register Optimizations
 13. General Register Statistics
 14. Multiplexer Restructuring Statistics (Restructuring Performed)
 15. Parameter Settings for User Entity Instance: keyboard_ps2:comb_203|divider:clk_gen
 16. Parameter Settings for User Entity Instance: keyboard_ps2:comb_203|ps2_bus:ps2_bus
 17. Parameter Settings for User Entity Instance: keyboard_ps2:comb_203|ps2_bus:ps2_bus|ps2_rx:receiver
 18. Port Connectivity Checks: "keyboard_ps2:comb_203|ps2_bus:ps2_bus"
 19. Port Connectivity Checks: "keyboard_ps2:comb_203"
 20. Post-Synthesis Netlist Statistics for Top Partition
 21. Elapsed Time Per Partition
 22. Analysis & Synthesis Messages
 23. Analysis & Synthesis Suppressed Messages



----------------
; Legal Notice ;
----------------
Copyright (C) 2020  Intel Corporation. All rights reserved.
Your use of Intel Corporation's design tools, logic functions 
and other software and tools, and any partner logic 
functions, and any output files from any of the foregoing 
(including device programming or simulation files), and any 
associated documentation or information are expressly subject 
to the terms and conditions of the Intel Program License 
Subscription Agreement, the Intel Quartus Prime License Agreement,
the Intel FPGA IP License Agreement, or other applicable license
agreement, including, without limitation, that your use is for
the sole purpose of programming logic devices manufactured by
Intel and sold by Intel or its authorized distributors.  Please
refer to the applicable agreement for further details, at
https://fpgasoftware.intel.com/eula.



+----------------------------------------------------------------------------------+
; Analysis & Synthesis Summary                                                     ;
+------------------------------------+---------------------------------------------+
; Analysis & Synthesis Status        ; Successful - Fri Nov 27 17:32:34 2020       ;
; Quartus Prime Version              ; 20.1.0 Build 711 06/05/2020 SJ Lite Edition ;
; Revision Name                      ; top_cpld                                    ;
; Top-level Entity Name              ; top_cpld                                    ;
; Family                             ; Cyclone IV E                                ;
; Total logic elements               ; 177                                         ;
;     Total combinational functions  ; 168                                         ;
;     Dedicated logic registers      ; 119                                         ;
; Total registers                    ; 119                                         ;
; Total pins                         ; 5                                           ;
; Total virtual pins                 ; 0                                           ;
; Total memory bits                  ; 0                                           ;
; Embedded Multiplier 9-bit elements ; 0                                           ;
; Total PLLs                         ; 0                                           ;
+------------------------------------+---------------------------------------------+


+------------------------------------------------------------------------------------------------------------+
; Analysis & Synthesis Settings                                                                              ;
+------------------------------------------------------------------+--------------------+--------------------+
; Option                                                           ; Setting            ; Default Value      ;
+------------------------------------------------------------------+--------------------+--------------------+
; Device                                                           ; EP4CE6E22C8        ;                    ;
; Top-level entity name                                            ; top_cpld           ; top_cpld           ;
; Family name                                                      ; Cyclone IV E       ; Cyclone V          ;
; Use smart compilation                                            ; On                 ; Off                ;
; Enable parallel Assembler and Timing Analyzer during compilation ; On                 ; On                 ;
; Enable compact report table                                      ; Off                ; Off                ;
; Restructure Multiplexers                                         ; Auto               ; Auto               ;
; Create Debugging Nodes for IP Cores                              ; Off                ; Off                ;
; Preserve fewer node names                                        ; On                 ; On                 ;
; Intel FPGA IP Evaluation Mode                                    ; Enable             ; Enable             ;
; Verilog Version                                                  ; Verilog_2001       ; Verilog_2001       ;
; VHDL Version                                                     ; VHDL_1993          ; VHDL_1993          ;
; State Machine Processing                                         ; Auto               ; Auto               ;
; Safe State Machine                                               ; Off                ; Off                ;
; Extract Verilog State Machines                                   ; On                 ; On                 ;
; Extract VHDL State Machines                                      ; On                 ; On                 ;
; Ignore Verilog initial constructs                                ; Off                ; Off                ;
; Iteration limit for constant Verilog loops                       ; 5000               ; 5000               ;
; Iteration limit for non-constant Verilog loops                   ; 250                ; 250                ;
; Add Pass-Through Logic to Inferred RAMs                          ; On                 ; On                 ;
; Infer RAMs from Raw Logic                                        ; On                 ; On                 ;
; Parallel Synthesis                                               ; On                 ; On                 ;
; DSP Block Balancing                                              ; Auto               ; Auto               ;
; NOT Gate Push-Back                                               ; On                 ; On                 ;
; Power-Up Don't Care                                              ; On                 ; On                 ;
; Remove Redundant Logic Cells                                     ; Off                ; Off                ;
; Remove Duplicate Registers                                       ; On                 ; On                 ;
; Ignore CARRY Buffers                                             ; Off                ; Off                ;
; Ignore CASCADE Buffers                                           ; Off                ; Off                ;
; Ignore GLOBAL Buffers                                            ; Off                ; Off                ;
; Ignore ROW GLOBAL Buffers                                        ; Off                ; Off                ;
; Ignore LCELL Buffers                                             ; Off                ; Off                ;
; Ignore SOFT Buffers                                              ; On                 ; On                 ;
; Limit AHDL Integers to 32 Bits                                   ; Off                ; Off                ;
; Optimization Technique                                           ; Balanced           ; Balanced           ;
; Carry Chain Length                                               ; 70                 ; 70                 ;
; Auto Carry Chains                                                ; On                 ; On                 ;
; Auto Open-Drain Pins                                             ; On                 ; On                 ;
; Perform WYSIWYG Primitive Resynthesis                            ; Off                ; Off                ;
; Auto ROM Replacement                                             ; On                 ; On                 ;
; Auto RAM Replacement                                             ; On                 ; On                 ;
; Auto DSP Block Replacement                                       ; On                 ; On                 ;
; Auto Shift Register Replacement                                  ; Auto               ; Auto               ;
; Allow Shift Register Merging across Hierarchies                  ; Auto               ; Auto               ;
; Auto Clock Enable Replacement                                    ; On                 ; On                 ;
; Strict RAM Replacement                                           ; Off                ; Off                ;
; Allow Synchronous Control Signals                                ; On                 ; On                 ;
; Force Use of Synchronous Clear Signals                           ; Off                ; Off                ;
; Auto RAM Block Balancing                                         ; On                 ; On                 ;
; Auto RAM to Logic Cell Conversion                                ; Off                ; Off                ;
; Auto Resource Sharing                                            ; Off                ; Off                ;
; Allow Any RAM Size For Recognition                               ; Off                ; Off                ;
; Allow Any ROM Size For Recognition                               ; Off                ; Off                ;
; Allow Any Shift Register Size For Recognition                    ; Off                ; Off                ;
; Use LogicLock Constraints during Resource Balancing              ; On                 ; On                 ;
; Ignore translate_off and synthesis_off directives                ; Off                ; Off                ;
; Timing-Driven Synthesis                                          ; On                 ; On                 ;
; Report Parameter Settings                                        ; On                 ; On                 ;
; Report Source Assignments                                        ; On                 ; On                 ;
; Report Connectivity Checks                                       ; On                 ; On                 ;
; Ignore Maximum Fan-Out Assignments                               ; Off                ; Off                ;
; Synchronization Register Chain Length                            ; 2                  ; 2                  ;
; Power Optimization During Synthesis                              ; Normal compilation ; Normal compilation ;
; HDL message level                                                ; Level2             ; Level2             ;
; Suppress Register Optimization Related Messages                  ; Off                ; Off                ;
; Number of Removed Registers Reported in Synthesis Report         ; 5000               ; 5000               ;
; Number of Swept Nodes Reported in Synthesis Report               ; 5000               ; 5000               ;
; Number of Inverted Registers Reported in Synthesis Report        ; 100                ; 100                ;
; Clock MUX Protection                                             ; On                 ; On                 ;
; Auto Gated Clock Conversion                                      ; Off                ; Off                ;
; Block Design Naming                                              ; Auto               ; Auto               ;
; SDC constraint protection                                        ; Off                ; Off                ;
; Synthesis Effort                                                 ; Auto               ; Auto               ;
; Shift Register Replacement - Allow Asynchronous Clear Signal     ; On                 ; On                 ;
; Pre-Mapping Resynthesis Optimization                             ; Off                ; Off                ;
; Analysis & Synthesis Message Level                               ; Medium             ; Medium             ;
; Disable Register Merging Across Hierarchies                      ; Auto               ; Auto               ;
; Resource Aware Inference For Block RAM                           ; On                 ; On                 ;
+------------------------------------------------------------------+--------------------+--------------------+


+------------------------------------------+
; Parallel Compilation                     ;
+----------------------------+-------------+
; Processors                 ; Number      ;
+----------------------------+-------------+
; Number detected on machine ; 6           ;
; Maximum allowed            ; 6           ;
;                            ;             ;
; Average used               ; 1.00        ;
; Maximum used               ; 6           ;
;                            ;             ;
; Usage by Processor         ; % Time Used ;
;     Processor 1            ; 100.0%      ;
;     Processor 2            ;   0.0%      ;
;     Processors 3-6         ;   0.0%      ;
+----------------------------+-------------+


+-----------------------------------------------------------------------------------------------------------------------------+
; Analysis & Synthesis Source Files Read                                                                                      ;
+----------------------------------+-----------------+------------------------+-------------------------------------+---------+
; File Name with User-Entered Path ; Used in Netlist ; File Type              ; File Name with Absolute Path        ; Library ;
+----------------------------------+-----------------+------------------------+-------------------------------------+---------+
; ../source/ps2_bus.v              ; yes             ; User Verilog HDL File  ; D:/106/EP4CE6/source/ps2_bus.v      ;         ;
; ../source/keyboard_ps2.v         ; yes             ; User Verilog HDL File  ; D:/106/EP4CE6/source/keyboard_ps2.v ;         ;
; ../source/ps2_tx.v               ; yes             ; User Verilog HDL File  ; D:/106/EP4CE6/source/ps2_tx.v       ;         ;
; ../source/ps2_rx.v               ; yes             ; User Verilog HDL File  ; D:/106/EP4CE6/source/ps2_rx.v       ;         ;
; ../source/divider.v              ; yes             ; User Verilog HDL File  ; D:/106/EP4CE6/source/divider.v      ;         ;
; ../source/top_cpld.v             ; yes             ; User Verilog HDL File  ; D:/106/EP4CE6/source/top_cpld.v     ;         ;
; ../source/key_jitter.v           ; yes             ; User Verilog HDL File  ; D:/106/EP4CE6/source/key_jitter.v   ;         ;
+----------------------------------+-----------------+------------------------+-------------------------------------+---------+


+---------------------------------------------------------+
; Analysis & Synthesis Resource Usage Summary             ;
+---------------------------------------------+-----------+
; Resource                                    ; Usage     ;
+---------------------------------------------+-----------+
; Estimated Total logic elements              ; 177       ;
;                                             ;           ;
; Total combinational functions               ; 168       ;
; Logic element usage by number of LUT inputs ;           ;
;     -- 4 input functions                    ; 38        ;
;     -- 3 input functions                    ; 16        ;
;     -- <=2 input functions                  ; 114       ;
;                                             ;           ;
; Logic elements by mode                      ;           ;
;     -- normal mode                          ; 81        ;
;     -- arithmetic mode                      ; 87        ;
;                                             ;           ;
; Total registers                             ; 119       ;
;     -- Dedicated logic registers            ; 119       ;
;     -- I/O registers                        ; 0         ;
;                                             ;           ;
; I/O pins                                    ; 5         ;
;                                             ;           ;
; Embedded Multiplier 9-bit elements          ; 0         ;
;                                             ;           ;
; Maximum fan-out node                        ; clk~input ;
; Maximum fan-out                             ; 95        ;
; Total fan-out                               ; 761       ;
; Average fan-out                             ; 2.55      ;
+---------------------------------------------+-----------+


+------------------------------------------------------------------------------------------------------------------------------------------------------------------------------------------------------------------------------------------------------------+
; Analysis & Synthesis Resource Utilization by Entity                                                                                                                                                                                                        ;
+---------------------------------+---------------------+---------------------------+-------------+--------------+---------+-----------+------+--------------+-----------------------------------------------------------------+--------------+--------------+
; Compilation Hierarchy Node      ; Combinational ALUTs ; Dedicated Logic Registers ; Memory Bits ; DSP Elements ; DSP 9x9 ; DSP 18x18 ; Pins ; Virtual Pins ; Full Hierarchy Name                                             ; Entity Name  ; Library Name ;
+---------------------------------+---------------------+---------------------------+-------------+--------------+---------+-----------+------+--------------+-----------------------------------------------------------------+--------------+--------------+
; |top_cpld                       ; 168 (61)            ; 119 (34)                  ; 0           ; 0            ; 0       ; 0         ; 5    ; 0            ; |top_cpld                                                       ; top_cpld     ; work         ;
;    |key_jitter:key_jitter_inst| ; 30 (30)             ; 28 (28)                   ; 0           ; 0            ; 0       ; 0         ; 0    ; 0            ; |top_cpld|key_jitter:key_jitter_inst                            ; key_jitter   ; work         ;
;    |keyboard_ps2:comb_203|      ; 77 (0)              ; 57 (0)                    ; 0           ; 0            ; 0       ; 0         ; 0    ; 0            ; |top_cpld|keyboard_ps2:comb_203                                 ; keyboard_ps2 ; work         ;
;       |divider:clk_gen|         ; 44 (44)             ; 33 (33)                   ; 0           ; 0            ; 0       ; 0         ; 0    ; 0            ; |top_cpld|keyboard_ps2:comb_203|divider:clk_gen                 ; divider      ; work         ;
;       |ps2_bus:ps2_bus|         ; 33 (4)              ; 24 (4)                    ; 0           ; 0            ; 0       ; 0         ; 0    ; 0            ; |top_cpld|keyboard_ps2:comb_203|ps2_bus:ps2_bus                 ; ps2_bus      ; work         ;
;          |ps2_rx:receiver|      ; 29 (29)             ; 20 (20)                   ; 0           ; 0            ; 0       ; 0         ; 0    ; 0            ; |top_cpld|keyboard_ps2:comb_203|ps2_bus:ps2_bus|ps2_rx:receiver ; ps2_rx       ; work         ;
+---------------------------------+---------------------+---------------------------+-------------+--------------+---------+-----------+------+--------------+-----------------------------------------------------------------+--------------+--------------+
Note: For table entries with two numbers listed, the numbers in parentheses indicate the number of resources of the given type used by the specific entity alone. The numbers listed outside of parentheses indicate the total resources of the given type used by the specific entity and all of its sub-entities in the hierarchy.


Encoding Type:  One-Hot
+---------------------------------------------------------------------------------------+
; State Machine - |top_cpld|keyboard_ps2:comb_203|ps2_bus:ps2_bus|curr_state            ;
+---------------------+---------------------+---------------------+---------------------+
; Name                ; curr_state.BUS_READ ; curr_state.BUS_SEND ; curr_state.BUS_IDEL ;
+---------------------+---------------------+---------------------+---------------------+
; curr_state.BUS_IDEL ; 0                   ; 0                   ; 0                   ;
; curr_state.BUS_SEND ; 0                   ; 1                   ; 1                   ;
; curr_state.BUS_READ ; 1                   ; 0                   ; 1                   ;
+---------------------+---------------------+---------------------+---------------------+


Encoding Type:  One-Hot
+---------------------------------------------------------------------------------------------------------------------------------+
; State Machine - |top_cpld|keyboard_ps2:comb_203|ps2_bus:ps2_bus|ps2_rx:receiver|curr_state                                      ;
+-------------------+----------------+-----------------+-------------------+-----------------+------------------+-----------------+
; Name              ; curr_state.ACK ; curr_state.STOP ; curr_state.PARITY ; curr_state.DATA ; curr_state.START ; curr_state.IDEL ;
+-------------------+----------------+-----------------+-------------------+-----------------+------------------+-----------------+
; curr_state.IDEL   ; 0              ; 0               ; 0                 ; 0               ; 0                ; 0               ;
; curr_state.START  ; 0              ; 0               ; 0                 ; 0               ; 1                ; 1               ;
; curr_state.DATA   ; 0              ; 0               ; 0                 ; 1               ; 0                ; 1               ;
; curr_state.PARITY ; 0              ; 0               ; 1                 ; 0               ; 0                ; 1               ;
; curr_state.STOP   ; 0              ; 1               ; 0                 ; 0               ; 0                ; 1               ;
; curr_state.ACK    ; 1              ; 0               ; 0                 ; 0               ; 0                ; 1               ;
+-------------------+----------------+-----------------+-------------------+-----------------+------------------+-----------------+


Encoding Type:  One-Hot
+-----------------------------------------------------------------------------------------------------------------------------------+
; State Machine - |top_cpld|keyboard_ps2:comb_203|ps2_bus:ps2_bus|ps2_tx:transmitter|curr_state                                     ;
+-------------------+------------------+-----------------+-------------------+-----------------+------------------+-----------------+
; Name              ; curr_state.DELAY ; curr_state.STOP ; curr_state.PARITY ; curr_state.DATA ; curr_state.START ; curr_state.IDEL ;
+-------------------+------------------+-----------------+-------------------+-----------------+------------------+-----------------+
; curr_state.DELAY  ; 0                ; 0               ; 0                 ; 0               ; 0                ; 0               ;
; curr_state.START  ; 1                ; 0               ; 0                 ; 0               ; 1                ; 0               ;
; curr_state.DATA   ; 1                ; 0               ; 0                 ; 1               ; 0                ; 0               ;
; curr_state.PARITY ; 1                ; 0               ; 1                 ; 0               ; 0                ; 0               ;
; curr_state.STOP   ; 1                ; 1               ; 0                 ; 0               ; 0                ; 0               ;
; curr_state.IDEL   ; 1                ; 0               ; 0                 ; 0               ; 0                ; 1               ;
+-------------------+------------------+-----------------+-------------------+-----------------+------------------+-----------------+


+-----------------------------------------------------------------------------------------------------------------------------------------+
; Registers Removed During Synthesis                                                                                                      ;
+----------------------------------------------------------------------------+------------------------------------------------------------+
; Register name                                                              ; Reason for Removal                                         ;
+----------------------------------------------------------------------------+------------------------------------------------------------+
; keyboard_ps2:comb_203|ps2_bus:ps2_bus|ps2_rx:receiver|clk_sync             ; Merged with keyboard_ps2:comb_203|ps2_bus:ps2_bus|clk_sync ;
; keyboard_ps2:comb_203|ps2_bus:ps2_bus|curr_state.BUS_SEND                  ; Stuck at GND due to stuck port data_in                     ;
; keyboard_ps2:comb_203|ps2_bus:ps2_bus|start_tx                             ; Stuck at GND due to stuck port data_in                     ;
; keyboard_ps2:comb_203|ps2_bus:ps2_bus|ps2_tx:transmitter|tx_en             ; Stuck at GND due to stuck port clock                       ;
; keyboard_ps2:comb_203|ps2_bus:ps2_bus|ps2_tx:transmitter|bit_cnt[0,1]      ; Stuck at GND due to stuck port data_in                     ;
; keyboard_ps2:comb_203|ps2_bus:ps2_bus|ps2_tx:transmitter|abort             ; Stuck at GND due to stuck port data_in                     ;
; keyboard_ps2:comb_203|ps2_bus:ps2_bus|ps2_tx:transmitter|curr_state.START  ; Stuck at GND due to stuck port data_in                     ;
; keyboard_ps2:comb_203|ps2_bus:ps2_bus|ps2_tx:transmitter|curr_state.DATA   ; Stuck at GND due to stuck port data_in                     ;
; keyboard_ps2:comb_203|ps2_bus:ps2_bus|ps2_tx:transmitter|curr_state.STOP   ; Stuck at GND due to stuck port data_in                     ;
; keyboard_ps2:comb_203|ps2_bus:ps2_bus|ps2_tx:transmitter|curr_state.PARITY ; Stuck at GND due to stuck port data_in                     ;
; keyboard_ps2:comb_203|ps2_bus:ps2_bus|ps2_tx:transmitter|byte_cnt[0..2]    ; Stuck at GND due to stuck port data_in                     ;
; keyboard_ps2:comb_203|ps2_bus:ps2_bus|ps2_tx:transmitter|curr_state.IDEL   ; Lost fanout                                                ;
; keyboard_ps2:comb_203|ps2_bus:ps2_bus|ps2_tx:transmitter|curr_state.DELAY  ; Lost fanout                                                ;
; keyboard_ps2:comb_203|ps2_bus:ps2_bus|delay_cnt[0..7]                      ; Lost fanout                                                ;
; Total Number of Removed Registers = 24                                     ;                                                            ;
+----------------------------------------------------------------------------+------------------------------------------------------------+


+-------------------------------------------------------------------------------------------------------------------------------------------------------------------------------+
; Removed Registers Triggering Further Register Optimizations                                                                                                                   ;
+---------------------------------------------------------------------+---------------------------+-----------------------------------------------------------------------------+
; Register name                                                       ; Reason for Removal        ; Registers Removed due to This Register                                      ;
+---------------------------------------------------------------------+---------------------------+-----------------------------------------------------------------------------+
; keyboard_ps2:comb_203|ps2_bus:ps2_bus|curr_state.BUS_SEND           ; Stuck at GND              ; keyboard_ps2:comb_203|ps2_bus:ps2_bus|start_tx,                             ;
;                                                                     ; due to stuck port data_in ; keyboard_ps2:comb_203|ps2_bus:ps2_bus|ps2_tx:transmitter|tx_en,             ;
;                                                                     ;                           ; keyboard_ps2:comb_203|ps2_bus:ps2_bus|ps2_tx:transmitter|bit_cnt[1],        ;
;                                                                     ;                           ; keyboard_ps2:comb_203|ps2_bus:ps2_bus|ps2_tx:transmitter|curr_state.IDEL,   ;
;                                                                     ;                           ; keyboard_ps2:comb_203|ps2_bus:ps2_bus|ps2_tx:transmitter|curr_state.DELAY,  ;
;                                                                     ;                           ; keyboard_ps2:comb_203|ps2_bus:ps2_bus|delay_cnt[7],                         ;
;                                                                     ;                           ; keyboard_ps2:comb_203|ps2_bus:ps2_bus|delay_cnt[6],                         ;
;                                                                     ;                           ; keyboard_ps2:comb_203|ps2_bus:ps2_bus|delay_cnt[5]                          ;
; keyboard_ps2:comb_203|ps2_bus:ps2_bus|ps2_tx:transmitter|bit_cnt[0] ; Stuck at GND              ; keyboard_ps2:comb_203|ps2_bus:ps2_bus|ps2_tx:transmitter|abort,             ;
;                                                                     ; due to stuck port data_in ; keyboard_ps2:comb_203|ps2_bus:ps2_bus|ps2_tx:transmitter|curr_state.START,  ;
;                                                                     ;                           ; keyboard_ps2:comb_203|ps2_bus:ps2_bus|ps2_tx:transmitter|curr_state.DATA,   ;
;                                                                     ;                           ; keyboard_ps2:comb_203|ps2_bus:ps2_bus|ps2_tx:transmitter|curr_state.STOP,   ;
;                                                                     ;                           ; keyboard_ps2:comb_203|ps2_bus:ps2_bus|ps2_tx:transmitter|curr_state.PARITY, ;
;                                                                     ;                           ; keyboard_ps2:comb_203|ps2_bus:ps2_bus|ps2_tx:transmitter|byte_cnt[1],       ;
;                                                                     ;                           ; keyboard_ps2:comb_203|ps2_bus:ps2_bus|ps2_tx:transmitter|byte_cnt[2]        ;
+---------------------------------------------------------------------+---------------------------+-----------------------------------------------------------------------------+


+------------------------------------------------------+
; General Register Statistics                          ;
+----------------------------------------------+-------+
; Statistic                                    ; Value ;
+----------------------------------------------+-------+
; Total registers                              ; 119   ;
; Number of registers using Synchronous Clear  ; 40    ;
; Number of registers using Synchronous Load   ; 0     ;
; Number of registers using Asynchronous Clear ; 9     ;
; Number of registers using Asynchronous Load  ; 0     ;
; Number of registers using Clock Enable       ; 42    ;
; Number of registers using Preset             ; 0     ;
+----------------------------------------------+-------+


+----------------------------------------------------------------------------------------------------------------------------------------------------------------------------------------------+
; Multiplexer Restructuring Statistics (Restructuring Performed)                                                                                                                               ;
+--------------------+-----------+---------------+----------------------+------------------------+------------+--------------------------------------------------------------------------------+
; Multiplexer Inputs ; Bus Width ; Baseline Area ; Area if Restructured ; Saving if Restructured ; Registered ; Example Multiplexer Output                                                     ;
+--------------------+-----------+---------------+----------------------+------------------------+------------+--------------------------------------------------------------------------------+
; 3:1                ; 3 bits    ; 6 LEs         ; 3 LEs                ; 3 LEs                  ; Yes        ; |top_cpld|keyboard_ps2:comb_203|ps2_bus:ps2_bus|ps2_tx:transmitter|byte_cnt[1] ;
; 3:1                ; 3 bits    ; 6 LEs         ; 3 LEs                ; 3 LEs                  ; Yes        ; |top_cpld|keyboard_ps2:comb_203|ps2_bus:ps2_bus|ps2_rx:receiver|byte_cnt[2]    ;
+--------------------+-----------+---------------+----------------------+------------------------+------------+--------------------------------------------------------------------------------+


+------------------------------------------------------------------------------------+
; Parameter Settings for User Entity Instance: keyboard_ps2:comb_203|divider:clk_gen ;
+----------------+-------+-----------------------------------------------------------+
; Parameter Name ; Value ; Type                                                      ;
+----------------+-------+-----------------------------------------------------------+
; n              ; 499   ; Signed Integer                                            ;
+----------------+-------+-----------------------------------------------------------+
Note: In order to hide this table in the UI and the text report file, please set the "Show Parameter Settings in Synthesis Report" option in "Analysis and Synthesis Settings -> More Settings" to "Off".


+------------------------------------------------------------------------------------+
; Parameter Settings for User Entity Instance: keyboard_ps2:comb_203|ps2_bus:ps2_bus ;
+----------------+-------+-----------------------------------------------------------+
; Parameter Name ; Value ; Type                                                      ;
+----------------+-------+-----------------------------------------------------------+
; BYTE_DELAY     ; 50    ; Signed Integer                                            ;
+----------------+-------+-----------------------------------------------------------+
Note: In order to hide this table in the UI and the text report file, please set the "Show Parameter Settings in Synthesis Report" option in "Analysis and Synthesis Settings -> More Settings" to "Off".


+----------------------------------------------------------------------------------------------------+
; Parameter Settings for User Entity Instance: keyboard_ps2:comb_203|ps2_bus:ps2_bus|ps2_rx:receiver ;
+----------------+-------+---------------------------------------------------------------------------+
; Parameter Name ; Value ; Type                                                                      ;
+----------------+-------+---------------------------------------------------------------------------+
; DATA_TIMEOUT   ; 20    ; Signed Integer                                                            ;
+----------------+-------+---------------------------------------------------------------------------+
Note: In order to hide this table in the UI and the text report file, please set the "Show Parameter Settings in Synthesis Report" option in "Analysis and Synthesis Settings -> More Settings" to "Off".


+-----------------------------------------------------------------------------------------------------------------------+
; Port Connectivity Checks: "keyboard_ps2:comb_203|ps2_bus:ps2_bus"                                                     ;
+-------------+--------+----------+-------------------------------------------------------------------------------------+
; Port        ; Type   ; Severity ; Details                                                                             ;
+-------------+--------+----------+-------------------------------------------------------------------------------------+
; rx_data     ; Output ; Info     ; Connected to dangling logic. Logic that only feeds a dangling port will be removed. ;
; tx_ready    ; Output ; Info     ; Connected to dangling logic. Logic that only feeds a dangling port will be removed. ;
; tx_faild    ; Output ; Info     ; Connected to dangling logic. Logic that only feeds a dangling port will be removed. ;
; rx_complete ; Output ; Info     ; Connected to dangling logic. Logic that only feeds a dangling port will be removed. ;
+-------------+--------+----------+-------------------------------------------------------------------------------------+


+--------------------------------------------------------------------------------------------------------------------------------------------+
; Port Connectivity Checks: "keyboard_ps2:comb_203"                                                                                          ;
+-------------+--------+----------+----------------------------------------------------------------------------------------------------------+
; Port        ; Type   ; Severity ; Details                                                                                                  ;
+-------------+--------+----------+----------------------------------------------------------------------------------------------------------+
; num_lock    ; Output ; Warning  ; Declared by entity but not connected by instance. Logic that only feeds a dangling port will be removed. ;
; scroll_lock ; Output ; Warning  ; Declared by entity but not connected by instance. Logic that only feeds a dangling port will be removed. ;
; caps_lock   ; Output ; Warning  ; Declared by entity but not connected by instance. Logic that only feeds a dangling port will be removed. ;
+-------------+--------+----------+----------------------------------------------------------------------------------------------------------+


+-----------------------------------------------------+
; Post-Synthesis Netlist Statistics for Top Partition ;
+-----------------------+-----------------------------+
; Type                  ; Count                       ;
+-----------------------+-----------------------------+
; boundary_port         ; 5                           ;
; cycloneiii_ff         ; 119                         ;
;     CLR               ; 7                           ;
;     ENA               ; 40                          ;
;     ENA CLR           ; 2                           ;
;     SCLR              ; 40                          ;
;     plain             ; 30                          ;
; cycloneiii_io_obuf    ; 2                           ;
; cycloneiii_lcell_comb ; 168                         ;
;     arith             ; 87                          ;
;         2 data inputs ; 86                          ;
;         3 data inputs ; 1                           ;
;     normal            ; 81                          ;
;         1 data inputs ; 6                           ;
;         2 data inputs ; 22                          ;
;         3 data inputs ; 15                          ;
;         4 data inputs ; 38                          ;
;                       ;                             ;
; Max LUT depth         ; 4.50                        ;
; Average LUT depth     ; 2.96                        ;
+-----------------------+-----------------------------+


+-------------------------------+
; Elapsed Time Per Partition    ;
+----------------+--------------+
; Partition Name ; Elapsed Time ;
+----------------+--------------+
; Top            ; 00:00:00     ;
+----------------+--------------+


+-------------------------------+
; Analysis & Synthesis Messages ;
+-------------------------------+
Info: *******************************************************************
Info: Running Quartus Prime Analysis & Synthesis
    Info: Version 20.1.0 Build 711 06/05/2020 SJ Lite Edition
    Info: Processing started: Fri Nov 27 17:32:21 2020
Info: Command: quartus_map --read_settings_files=on --write_settings_files=off top_cpld -c top_cpld
Warning (18236): Number of processors has not been specified which may cause overloading on shared machines.  Set the global assignment NUM_PARALLEL_PROCESSORS in your QSF to an appropriate value for best performance.
Info (20030): Parallel compilation is enabled and will use 6 of the 6 processors detected
Info (12021): Found 1 design units, including 1 entities, in source file /106/ep4ce6/source/ps2_bus.v
    Info (12023): Found entity 1: ps2_bus File: D:/106/EP4CE6/source/ps2_bus.v Line: 1
Info (12021): Found 1 design units, including 1 entities, in source file /106/ep4ce6/source/keyboard_ps2.v
    Info (12023): Found entity 1: keyboard_ps2 File: D:/106/EP4CE6/source/keyboard_ps2.v Line: 1
Info (12021): Found 1 design units, including 1 entities, in source file /106/ep4ce6/source/ps2_tx.v
    Info (12023): Found entity 1: ps2_tx File: D:/106/EP4CE6/source/ps2_tx.v Line: 1
Info (12021): Found 1 design units, including 1 entities, in source file /106/ep4ce6/source/ps2_rx.v
    Info (12023): Found entity 1: ps2_rx File: D:/106/EP4CE6/source/ps2_rx.v Line: 1
Warning (12019): Can't analyze file -- file ../source/ps2_keyboard.v is missing
Info (12021): Found 1 design units, including 1 entities, in source file /106/ep4ce6/source/divider.v
    Info (12023): Found entity 1: divider File: D:/106/EP4CE6/source/divider.v Line: 1
Info (12021): Found 1 design units, including 1 entities, in source file /106/ep4ce6/source/top_cpld.v
    Info (12023): Found entity 1: top_cpld File: D:/106/EP4CE6/source/top_cpld.v Line: 7
Info (12021): Found 1 design units, including 1 entities, in source file /106/ep4ce6/source/key_jitter.v
    Info (12023): Found entity 1: key_jitter File: D:/106/EP4CE6/source/key_jitter.v Line: 7
Critical Warning (10846): Verilog HDL Instantiation warning at top_cpld.v(66): instance has no name File: D:/106/EP4CE6/source/top_cpld.v Line: 66
Info (12127): Elaborating entity "top_cpld" for the top level hierarchy
Info (12128): Elaborating entity "key_jitter" for hierarchy "key_jitter:key_jitter_inst" File: D:/106/EP4CE6/source/top_cpld.v Line: 32
Info (12128): Elaborating entity "keyboard_ps2" for hierarchy "keyboard_ps2:comb_203" File: D:/106/EP4CE6/source/top_cpld.v Line: 66
Warning (10036): Verilog HDL or VHDL warning at keyboard_ps2.v(26): object "curr_state" assigned a value but never read File: D:/106/EP4CE6/source/keyboard_ps2.v Line: 26
Warning (10858): Verilog HDL warning at keyboard_ps2.v(26): object next_state used but never assigned File: D:/106/EP4CE6/source/keyboard_ps2.v Line: 26
Warning (10034): Output port "num_lock" at keyboard_ps2.v(3) has no driver File: D:/106/EP4CE6/source/keyboard_ps2.v Line: 3
Warning (10034): Output port "scroll_lock" at keyboard_ps2.v(3) has no driver File: D:/106/EP4CE6/source/keyboard_ps2.v Line: 3
Warning (10034): Output port "caps_lock" at keyboard_ps2.v(3) has no driver File: D:/106/EP4CE6/source/keyboard_ps2.v Line: 3
Info (12128): Elaborating entity "divider" for hierarchy "keyboard_ps2:comb_203|divider:clk_gen" File: D:/106/EP4CE6/source/keyboard_ps2.v Line: 33
Info (12128): Elaborating entity "ps2_bus" for hierarchy "keyboard_ps2:comb_203|ps2_bus:ps2_bus" File: D:/106/EP4CE6/source/keyboard_ps2.v Line: 61
Warning (10230): Verilog HDL assignment warning at ps2_bus.v(107): truncated value with size 32 to match size of target (8) File: D:/106/EP4CE6/source/ps2_bus.v Line: 107
Info (12128): Elaborating entity "ps2_tx" for hierarchy "keyboard_ps2:comb_203|ps2_bus:ps2_bus|ps2_tx:transmitter" File: D:/106/EP4CE6/source/ps2_bus.v Line: 126
Warning (10230): Verilog HDL assignment warning at ps2_tx.v(75): truncated value with size 32 to match size of target (2) File: D:/106/EP4CE6/source/ps2_tx.v Line: 75
Warning (10230): Verilog HDL assignment warning at ps2_tx.v(84): truncated value with size 32 to match size of target (3) File: D:/106/EP4CE6/source/ps2_tx.v Line: 84
Info (12128): Elaborating entity "ps2_rx" for hierarchy "keyboard_ps2:comb_203|ps2_bus:ps2_bus|ps2_rx:receiver" File: D:/106/EP4CE6/source/ps2_bus.v Line: 138
Warning (10230): Verilog HDL assignment warning at ps2_rx.v(56): truncated value with size 32 to match size of target (2) File: D:/106/EP4CE6/source/ps2_rx.v Line: 56
Warning (10230): Verilog HDL assignment warning at ps2_rx.v(65): truncated value with size 32 to match size of target (3) File: D:/106/EP4CE6/source/ps2_rx.v Line: 65
Info (10264): Verilog HDL Case Statement information at ps2_rx.v(81): all case item expressions in this case statement are onehot File: D:/106/EP4CE6/source/ps2_rx.v Line: 81
Warning (10230): Verilog HDL assignment warning at ps2_rx.v(94): truncated value with size 32 to match size of target (8) File: D:/106/EP4CE6/source/ps2_rx.v Line: 94
Warning (12241): 1 hierarchies have connectivity warnings - see the Connectivity Checks report folder
Warning (13027): Removed fan-outs from the following always-disabled I/O buffers
    Warning (13028): Removed fan-out from the always-disabled I/O buffer "keyboard_ps2:comb_203|ps2_bus:ps2_bus|ps2_tx:transmitter|PS2_CLK" to the node "PS2_CLK" File: D:/106/EP4CE6/source/ps2_tx.v Line: 6
    Warning (13028): Removed fan-out from the always-disabled I/O buffer "keyboard_ps2:comb_203|ps2_bus:ps2_bus|ps2_tx:transmitter|PS2_DAT" to the node "PS2_DAT" File: D:/106/EP4CE6/source/ps2_tx.v Line: 7
Info (286030): Timing-Driven Synthesis is running
Info (17049): 10 registers lost all their fanouts during netlist optimizations.
Info (144001): Generated suppressed messages file D:/106/EP4CE6/project/output_files/top_cpld.map.smsg
Info (16010): Generating hard_block partition "hard_block:auto_generated_inst"
    Info (16011): Adding 0 node(s), including 0 DDIO, 0 PLL, 0 transceiver and 0 LCELL
Info (21057): Implemented 182 device resources after synthesis - the final resource count might be different
    Info (21058): Implemented 2 input pins
    Info (21059): Implemented 1 output pins
    Info (21060): Implemented 2 bidirectional pins
    Info (21061): Implemented 177 logic cells
Info: Quartus Prime Analysis & Synthesis was successful. 0 errors, 18 warnings
    Info: Peak virtual memory: 4783 megabytes
    Info: Processing ended: Fri Nov 27 17:32:34 2020
    Info: Elapsed time: 00:00:13
    Info: Total CPU time (on all processors): 00:00:13


+------------------------------------------+
; Analysis & Synthesis Suppressed Messages ;
+------------------------------------------+
The suppressed messages can be found in D:/106/EP4CE6/project/output_files/top_cpld.map.smsg.


