------------------------------------------------------------
Timing Analyzer Summary
------------------------------------------------------------

Type  : Slow 1200mV 85C Model Setup 'clk'
Slack : -4.374
TNS   : -244.575

Type  : Slow 1200mV 85C Model Setup 'keyboard_ps2:comb_203|divider:clk_gen|out'
Slack : -1.527
TNS   : -25.855

Type  : Slow 1200mV 85C Model Hold 'clk'
Slack : 0.453
TNS   : 0.000

Type  : Slow 1200mV 85C Model Hold 'keyboard_ps2:comb_203|divider:clk_gen|out'
Slack : 0.453
TNS   : 0.000

Type  : Slow 1200mV 85C Model Minimum Pulse Width 'clk'
Slack : -3.000
TNS   : -144.265

Type  : Slow 1200mV 85C Model Minimum Pulse Width 'keyboard_ps2:comb_203|divider:clk_gen|out'
Slack : -1.487
TNS   : -35.688

Type  : Slow 1200mV 0C Model Setup 'clk'
Slack : -4.050
TNS   : -218.764

Type  : Slow 1200mV 0C Model Setup 'keyboard_ps2:comb_203|divider:clk_gen|out'
Slack : -1.348
TNS   : -21.798

Type  : Slow 1200mV 0C Model Hold 'clk'
Slack : 0.401
TNS   : 0.000

Type  : Slow 1200mV 0C Model Hold 'keyboard_ps2:comb_203|divider:clk_gen|out'
Slack : 0.401
TNS   : 0.000

Type  : Slow 1200mV 0C Model Minimum Pulse Width 'clk'
Slack : -3.000
TNS   : -144.265

Type  : Slow 1200mV 0C Model Minimum Pulse Width 'keyboard_ps2:comb_203|divider:clk_gen|out'
Slack : -1.487
TNS   : -35.688

Type  : Fast 1200mV 0C Model Setup 'clk'
Slack : -1.325
TNS   : -54.890

Type  : Fast 1200mV 0C Model Setup 'keyboard_ps2:comb_203|divider:clk_gen|out'
Slack : -0.138
TNS   : -0.593

Type  : Fast 1200mV 0C Model Hold 'clk'
Slack : 0.186
TNS   : 0.000

Type  : Fast 1200mV 0C Model Hold 'keyboard_ps2:comb_203|divider:clk_gen|out'
Slack : 0.186
TNS   : 0.000

Type  : Fast 1200mV 0C Model Minimum Pulse Width 'clk'
Slack : -3.000
TNS   : -125.902

Type  : Fast 1200mV 0C Model Minimum Pulse Width 'keyboard_ps2:comb_203|divider:clk_gen|out'
Slack : -1.000
TNS   : -24.000

------------------------------------------------------------
