<html>
<body>
<pre>
<h1>µVision Build Log</h1>
<h2>Tool Versions:</h2>
IDE-Version: ¦ÌVision V5.29.0.0
Copyright (C) 2019 ARM Ltd and ARM Germany GmbH. All rights reserved.
License Information: w hl, csu, LIC=CRMKP-MG4JE-LT63E-5EBL6-Q36TT-GQM3X
 
Tool Versions:
Toolchain:       MDK-ARM Professional  Version: 5.29.0.0
Toolchain Path:  E:\#DEVELOPMENT\keil5\ARM\ARMCC\Bin
C Compiler:      Armcc.exe V5.06 update 6 (build 750)
Assembler:       Armasm.exe V5.06 update 6 (build 750)
Linker/Locator:  ArmLink.exe V5.06 update 6 (build 750)
Library Manager: ArmAr.exe V5.06 update 6 (build 750)
Hex Converter:   FromElf.exe V5.06 update 6 (build 750)
CPU DLL:         
Dialog DLL:      
Target DLL:      Segger\JL2CM3.dll V2.99.36.0
Dialog DLL:      TCM.DLL V1.36.5.0
 
<h2>Project:</h2>
E:\#DEVELOPMENT\¼üÅÌ\9\Ô´Âë\examples\peripheral\saadc\pca10040e\blank\arm4\saadc_pca10040e.uvproj
Project File Date:  12/14/2019

<h2>Output:</h2>
*** Using Compiler 'V5.06 update 6 (build 750)', folder: 'E:\#DEVELOPMENT\keil5\ARM\ARMCC\Bin'
Build target 'nrf52810_xxaa'
compiling nrf_drv_ppi.c...
compiling nrfx_atomic.c...
compiling boards.c...
compiling nrf_drv_uart.c...
compiling main.c...
compiling nrfx_prs.c...
compiling nrfx_ppi.c...
compiling nrfx_timer.c...
compiling nrfx_saadc.c...
compiling nrfx_uart.c...
compiling app_error_handler_keil.c...
compiling nrf_atomic.c...
compiling nrf_balloc.c...
compiling app_error_weak.c...
compiling nrfx_uarte.c...
compiling nrf_fprintf.c...
compiling nrf_fprintf_format.c...
compiling nrf_memobj.c...
compiling nrf_ringbuf.c...
compiling nrf_pwr_mgmt.c...
compiling nrf_section_iter.c...
compiling nrf_strerror.c...
compiling nrf_log_backend_uart.c...
compiling nrf_log_backend_serial.c...
compiling nrf_log_backend_rtt.c...
compiling SEGGER_RTT_Syscalls_KEIL.c...
compiling nrf_log_default_backends.c...
compiling nrf_log_str_formatter.c...
compiling SEGGER_RTT.c...
compiling nrf_log_frontend.c...
compiling SEGGER_RTT_printf.c...
linking...
Program Size: Code=8088 RO-data=1080 RW-data=136 ZI-data=4256  
FromELF: creating hex file...
".\_build\nrf52810_xxaa.axf" - 0 Error(s), 0 Warning(s).
Build Time Elapsed:  00:00:05
</pre>
</body>
</html>
